System Bootstrap, Version 12.1(3r)T2, RELEASE SOFTWARE (fc1)
Copyright (c) 2000 by cisco Systems, Inc.
PT 1001 (PTSC2005) processor (revision 0x200) with 60416K/5120K bytes of memory

Readonly ROMMON initialized

Self decompressing the image :
######################### [OK]

              Restricted Rights Legend

Use, duplication, or disclosure by the Government is
subject to restrictions as set forth in subparagraph
(c) of the Commercial Computer Software - Restricted
Rights clause at FAR sec. 52.227-19 and subparagraph
(c) (1) (ii) of the Rights in Technical Data and Computer
Software clause at DFARS sec. 252.227-7013.

           cisco Systems, Inc.
           170 West Tasman Drive
           San Jose, California 95134-1706



Cisco Internetwork Operating System Software
IOS (tm) PT1000 Software (PT1000-I-M), Version 12.2(28), RELEASE SOFTWARE (fc5)
Technical Support: http://www.cisco.com/techsupport
Copyright (c) 1986-2005 by cisco Systems, Inc.
Compiled Wed 27-Apr-04 19:01 by miwang

PT 1001 (PTSC2005) processor (revision 0x200) with 60416K/5120K bytes of memory
.
Processor board ID PT0123 (0123)
PT2005 processor: part number 0, mask 01
Bridging software.
X.25 software, Version 3.0.0.
4 FastEthernet/IEEE 802.3 interface(s)
2 Low-speed serial(sync/async) network interface(s)
32K bytes of non-volatile configuration memory.
63488K bytes of ATA CompactFlash (Read/Write)

Press RETURN to get started!


%LINK-5-CHANGED: Interface Serial2/0, changed state to up

%LINK-5-CHANGED: Interface Serial3/0, changed state to up

%LINEPROTO-5-UPDOWN: Line protocol on Interface Serial3/0, changed state to up

%LINEPROTO-5-UPDOWN: Line protocol on Interface Serial2/0, changed state to up

00:00:10: %OSPF-5-ADJCHG: Process 1, Nbr 1.1.1.1 on Serial2/0 from LOADING to FULL, Loading Done

00:00:10: %OSPF-5-ADJCHG: Process 1, Nbr 3.3.3.3 on Serial3/0 from LOADING to FULL, Loading Done


ABR>en
ABR#conf t
Enter configuration commands, one per line.  End with CNTL/Z.
ABR(config)#inter
ABR(config)#interface se
ABR(config)#interface serial 3/0
ABR(config-if)#shu
ABR(config-if)#shutdown 

ABR(config-if)#
%LINK-5-CHANGED: Interface Serial3/0, changed state to administratively down

%LINEPROTO-5-UPDOWN: Line protocol on Interface Serial3/0, changed state to down

00:18:23: %OSPF-5-ADJCHG: Process 1, Nbr 3.3.3.3 on Serial3/0 from FULL to DOWN, Neighbor Down: Interface down or detached

ABR(config-if)#
ABR(config-if)#exit
ABR(config)#router ospf 1
ABR(config-router)#router id 1.1.2.2
                          ^
% Invalid input detected at '^' marker.
	
ABR(config-router)#router-id 1.1.2.2
ABR(config-router)#network 10.0.0.0 0.255.255.255
% Incomplete command.
ABR(config-router)#network 10.0.0.0 0.255.255.255 area 0
ABR(config-router)#exit
ABR(config)#
ABR(config)#interf
ABR(config)#interface serial 3/0
ABR(config-if)#no shut
ABR(config-if)#no shutdown 

ABR(config-if)#
%LINK-5-CHANGED: Interface Serial3/0, changed state to up

ABR(config-if)#
%LINEPROTO-5-UPDOWN: Line protocol on Interface Serial3/0, changed state to up

00:35:57: %OSPF-5-ADJCHG: Process 1, Nbr 3.3.3.3 on Serial3/0 from LOADING to FULL, Loading Done
ABR>en
ABR#conf t
Enter configuration commands, one per line.  End with CNTL/Z.
ABR(config)#router ospf 1
ABR(config-router)#router-id 1.1.2.2
ABR(config-router)#network 192.168.1.0 0.0.0.255 area 1
ABR(config-router)#exit
ABR(config)#
ABR(config)#router ospf 1
ABR(config-router)#are
ABR(config-router)#area 1 stub
ABR(config-router)#
02:25:15: %OSPF-5-ADJCHG: Process 1, Nbr 3.3.3.3 on Serial3/0 from FULL to DOWN, Neighbor Down: Adjacency forced to reset

02:25:15: %OSPF-5-ADJCHG: Process 1, Nbr 3.3.3.3 on Serial3/0 from FULL to DOWN, Neighbor Down: Interface down or detached

ABR(config-router)#exit
ABR(config)#
02:27:09: %OSPF-5-ADJCHG: Process 1, Nbr 3.3.3.3 on Serial3/0 from LOADING to FULL, Loading Done

ABR(config)#